<?xml version="1.0" encoding="utf-8"?><testsuites name="pytest tests"><testsuite name="pytest" errors="0" failures="0" skipped="0" tests="15" time="4.398" timestamp="2025-11-14T00:18:09.316347+10:30" hostname="M03K"><testcase classname="test_minimal_coverage.TestBasicCoverage" name="test_environment_variables" time="0.001" /><testcase classname="test_minimal_coverage.TestBasicCoverage" name="test_basic_imports" time="0.000" /><testcase classname="test_minimal_coverage.TestBasicCoverage" name="test_configuration_parsing" time="0.000" /><testcase classname="test_minimal_coverage.TestBasicCoverage" name="test_performance_metrics" time="0.001" /><testcase classname="test_minimal_coverage.TestBasicCoverage" name="test_datetime_handling" time="0.000" /><testcase classname="test_minimal_coverage.TestBasicCoverage" name="test_json_operations" time="0.000" /><testcase classname="test_minimal_coverage.TestBasicCoverage" name="test_error_handling" time="0.001" /><testcase classname="test_minimal_coverage.TestBasicCoverage" name="test_mock_functionality" time="0.000" /><testcase classname="test_minimal_coverage.TestBasicCoverage" name="test_time_mocking" time="0.002" /><testcase classname="test_minimal_coverage.TestBasicCoverage" name="test_file_operations" time="0.001" /><testcase classname="test_minimal_coverage.TestPerformanceBasics" name="test_simple_computation_speed" time="0.000" /><testcase classname="test_minimal_coverage.TestPerformanceBasics" name="test_memory_usage_basics" time="0.000" /><testcase classname="test_minimal_coverage.TestAPIComponents" name="test_variable_validation" time="0.000" /><testcase classname="test_minimal_coverage.TestAPIComponents" name="test_horizon_validation" time="0.000" /><testcase classname="test_minimal_coverage.TestAPIComponents" name="test_response_formatting" time="0.000" /></testsuite></testsuites>